2026-10-03T16:02:18Z chaos start, until epoch 1791122538
2026-10-03T16:42:18Z restart ch2 (39f1b5e2eab0)
2026-10-03T17:22:24Z restart flow-worker (1f41d7272fbc)
2026-10-03T18:02:35Z stop keeper3 (23c9dd54058f)
2026-10-03T18:12:39Z start keeper3 (23c9dd54058f)
2026-10-03T18:52:40Z restart ch1 (2b5523e808b0)
2026-10-03T19:32:50Z restart ch2 (39f1b5e2eab0)
2026-10-03T20:12:55Z restart flow-worker (1f41d7272fbc)
2026-10-03T20:53:06Z stop keeper3 (23c9dd54058f)
2026-10-03T21:03:08Z start keeper3 (23c9dd54058f)
2026-10-03T21:43:09Z restart ch1 (2b5523e808b0)
2026-10-03T22:23:21Z restart ch2 (39f1b5e2eab0)
2026-10-03T23:03:30Z restart flow-worker (1f41d7272fbc)
2026-10-03T23:43:42Z stop keeper3 (23c9dd54058f)
2026-10-03T23:53:43Z start keeper3 (23c9dd54058f)
2026-10-04T00:33:44Z restart ch1 (2b5523e808b0)
2026-10-04T01:13:51Z restart ch2 (39f1b5e2eab0)
2026-10-04T01:53:57Z restart flow-worker (1f41d7272fbc)
2026-10-04T02:34:08Z stop keeper3 (23c9dd54058f)
2026-10-04T02:44:10Z start keeper3 (23c9dd54058f)
2026-10-04T03:24:10Z restart ch1 (2b5523e808b0)
2026-10-04T04:04:17Z restart ch2 (39f1b5e2eab0)
2026-10-04T04:44:25Z restart flow-worker (1f41d7272fbc)
2026-10-04T05:24:36Z stop keeper3 (23c9dd54058f)
2026-10-04T05:34:40Z start keeper3 (23c9dd54058f)
2026-10-04T06:14:41Z skip fault 20: soak paused by guard
2026-10-04T06:54:41Z restart ch2 (39f1b5e2eab0)
2026-10-04T07:34:52Z restart flow-worker (1f41d7272fbc)
2026-10-04T08:15:04Z stop keeper3 (23c9dd54058f)
2026-10-04T08:25:07Z start keeper3 (23c9dd54058f)
2026-10-04T09:05:08Z restart ch1 (2b5523e808b0)
2026-10-04T09:45:15Z restart ch2 (39f1b5e2eab0)
2026-10-04T10:25:22Z restart flow-worker (1f41d7272fbc)
2026-10-04T11:05:34Z stop keeper3 (23c9dd54058f)
2026-10-04T11:15:41Z start keeper3 (23c9dd54058f)
2026-10-04T11:55:42Z restart ch1 (2b5523e808b0)
2026-10-04T12:35:50Z restart ch2 (39f1b5e2eab0)
